
> ewallet@0.1.0 build
> next build

   ▲ Next.js 15.1.11

   Creating an optimized production build ...
Failed to compile.

./src/styles/tailwind.css.webpack[javascript/auto]!=!./node_modules/next/dist/build/webpack/loaders/css-loader/src/index.js??ruleSet[1].rules[13].oneOf[10].use[2]!./node_modules/next/dist/build/webpack/loaders/postcss-loader/src/index.js??ruleSet[1].rules[13].oneOf[10].use[3]!./src/styles/tailwind.css
Error: Cannot find module '@tailwindcss/postcss'
Require stack:
- /home/jaeybean12/development/e-wallet/node_modules/next/dist/build/webpack/config/blocks/css/plugins.js
- /home/jaeybean12/development/e-wallet/node_modules/next/dist/build/webpack/config/blocks/css/index.js
- /home/jaeybean12/development/e-wallet/node_modules/next/dist/build/webpack/config/index.js
- /home/jaeybean12/development/e-wallet/node_modules/next/dist/build/webpack-config.js
- /home/jaeybean12/development/e-wallet/node_modules/next/dist/build/webpack-build/impl.js
- /home/jaeybean12/development/e-wallet/node_modules/next/dist/compiled/jest-worker/processChild.js
    at Module._resolveFilename (node:internal/modules/cjs/loader:1207:15)
    at /home/jaeybean12/development/e-wallet/node_modules/next/dist/server/require-hook.js:55:36
    at Function.resolve (node:internal/modules/helpers:193:19)
    at loadPlugin (/home/jaeybean12/development/e-wallet/node_modules/next/dist/build/webpack/config/blocks/css/plugins.js:49:32)
    at /home/jaeybean12/development/e-wallet/node_modules/next/dist/build/webpack/config/blocks/css/plugins.js:157:56
    at Array.map (<anonymous>)
    at getPostCssPlugins (/home/jaeybean12/development/e-wallet/node_modules/next/dist/build/webpack/config/blocks/css/plugins.js:157:47)
    at async /home/jaeybean12/development/e-wallet/node_modules/next/dist/build/webpack/config/blocks/css/index.js:124:36
    at async /home/jaeybean12/development/e-wallet/node_modules/next/dist/build/webpack/loaders/postcss-loader/src/index.js:52:40
    at async Span.traceAsyncFn (/home/jaeybean12/development/e-wallet/node_modules/next/dist/trace/trace.js:153:20)

Import trace for requested module:
./src/styles/tailwind.css.webpack[javascript/auto]!=!./node_modules/next/dist/build/webpack/loaders/css-loader/src/index.js??ruleSet[1].rules[13].oneOf[10].use[2]!./node_modules/next/dist/build/webpack/loaders/postcss-loader/src/index.js??ruleSet[1].rules[13].oneOf[10].use[3]!./src/styles/tailwind.css
./src/styles/tailwind.css

./src/styles/tailwind.css
Error: Cannot find module '@tailwindcss/postcss'
Require stack:
- /home/jaeybean12/development/e-wallet/node_modules/next/dist/build/webpack/config/blocks/css/plugins.js
- /home/jaeybean12/development/e-wallet/node_modules/next/dist/build/webpack/config/blocks/css/index.js
- /home/jaeybean12/development/e-wallet/node_modules/next/dist/build/webpack/config/index.js
- /home/jaeybean12/development/e-wallet/node_modules/next/dist/build/webpack-config.js
- /home/jaeybean12/development/e-wallet/node_modules/next/dist/build/webpack-build/impl.js
- /home/jaeybean12/development/e-wallet/node_modules/next/dist/compiled/jest-worker/processChild.js
    at Module._resolveFilename (node:internal/modules/cjs/loader:1207:15)
    at /home/jaeybean12/development/e-wallet/node_modules/next/dist/server/require-hook.js:55:36
    at Function.resolve (node:internal/modules/helpers:193:19)
    at loadPlugin (/home/jaeybean12/development/e-wallet/node_modules/next/dist/build/webpack/config/blocks/css/plugins.js:49:32)
    at /home/jaeybean12/development/e-wallet/node_modules/next/dist/build/webpack/config/blocks/css/plugins.js:157:56
    at Array.map (<anonymous>)
    at getPostCssPlugins (/home/jaeybean12/development/e-wallet/node_modules/next/dist/build/webpack/config/blocks/css/plugins.js:157:47)
    at async /home/jaeybean12/development/e-wallet/node_modules/next/dist/build/webpack/config/blocks/css/index.js:124:36
    at async /home/jaeybean12/development/e-wallet/node_modules/next/dist/build/webpack/loaders/postcss-loader/src/index.js:52:40
    at async Span.traceAsyncFn (/home/jaeybean12/development/e-wallet/node_modules/next/dist/trace/trace.js:153:20)
    at tryRunOrWebpackError (/home/jaeybean12/development/e-wallet/node_modules/next/dist/compiled/webpack/bundle5.js:28:314962)
    at __webpack_require_module__ (/home/jaeybean12/development/e-wallet/node_modules/next/dist/compiled/webpack/bundle5.js:28:131434)
    at __nested_webpack_require_161179__ (/home/jaeybean12/development/e-wallet/node_modules/next/dist/compiled/webpack/bundle5.js:28:130872)
    at /home/jaeybean12/development/e-wallet/node_modules/next/dist/compiled/webpack/bundle5.js:28:131723
    at symbolIterator (/home/jaeybean12/development/e-wallet/node_modules/next/dist/compiled/neo-async/async.js:1:14444)
    at done (/home/jaeybean12/development/e-wallet/node_modules/next/dist/compiled/neo-async/async.js:1:14824)
    at Hook.eval [as callAsync] (eval at create (/home/jaeybean12/development/e-wallet/node_modules/next/dist/compiled/webpack/bundle5.js:13:9218), <anonymous>:15:1)
    at Hook.CALL_ASYNC_DELEGATE [as _callAsync] (/home/jaeybean12/development/e-wallet/node_modules/next/dist/compiled/webpack/bundle5.js:13:6372)
    at /home/jaeybean12/development/e-wallet/node_modules/next/dist/compiled/webpack/bundle5.js:28:130593
    at symbolIterator (/home/jaeybean12/development/e-wallet/node_modules/next/dist/compiled/neo-async/async.js:1:14402)
-- inner error --
Error: Cannot find module '@tailwindcss/postcss'
Require stack:
- /home/jaeybean12/development/e-wallet/node_modules/next/dist/build/webpack/config/blocks/css/plugins.js
- /home/jaeybean12/development/e-wallet/node_modules/next/dist/build/webpack/config/blocks/css/index.js
- /home/jaeybean12/development/e-wallet/node_modules/next/dist/build/webpack/config/index.js
- /home/jaeybean12/development/e-wallet/node_modules/next/dist/build/webpack-config.js
- /home/jaeybean12/development/e-wallet/node_modules/next/dist/build/webpack-build/impl.js
- /home/jaeybean12/development/e-wallet/node_modules/next/dist/compiled/jest-worker/processChild.js
    at Module._resolveFilename (node:internal/modules/cjs/loader:1207:15)
    at /home/jaeybean12/development/e-wallet/node_modules/next/dist/server/require-hook.js:55:36
    at Function.resolve (node:internal/modules/helpers:193:19)
    at loadPlugin (/home/jaeybean12/development/e-wallet/node_modules/next/dist/build/webpack/config/blocks/css/plugins.js:49:32)
    at /home/jaeybean12/development/e-wallet/node_modules/next/dist/build/webpack/config/blocks/css/plugins.js:157:56
    at Array.map (<anonymous>)
    at getPostCssPlugins (/home/jaeybean12/development/e-wallet/node_modules/next/dist/build/webpack/config/blocks/css/plugins.js:157:47)
    at async /home/jaeybean12/development/e-wallet/node_modules/next/dist/build/webpack/config/blocks/css/index.js:124:36
    at async /home/jaeybean12/development/e-wallet/node_modules/next/dist/build/webpack/loaders/postcss-loader/src/index.js:52:40
    at async Span.traceAsyncFn (/home/jaeybean12/development/e-wallet/node_modules/next/dist/trace/trace.js:153:20)
    at Object.<anonymous> (/home/jaeybean12/development/e-wallet/node_modules/next/dist/build/webpack/loaders/css-loader/src/index.js??ruleSet[1].rules[13].oneOf[10].use[2]!/home/jaeybean12/development/e-wallet/node_modules/next/dist/build/webpack/loaders/postcss-loader/src/index.js??ruleSet[1].rules[13].oneOf[10].use[3]!/home/jaeybean12/development/e-wallet/src/styles/tailwind.css:1:7)
    at /home/jaeybean12/development/e-wallet/node_modules/next/dist/compiled/webpack/bundle5.js:28:955548
    at Hook.eval [as call] (eval at create (/home/jaeybean12/development/e-wallet/node_modules/next/dist/compiled/webpack/bundle5.js:13:8996), <anonymous>:7:1)
    at Hook.CALL_DELEGATE [as _call] (/home/jaeybean12/development/e-wallet/node_modules/next/dist/compiled/webpack/bundle5.js:13:6266)
    at /home/jaeybean12/development/e-wallet/node_modules/next/dist/compiled/webpack/bundle5.js:28:131467
    at tryRunOrWebpackError (/home/jaeybean12/development/e-wallet/node_modules/next/dist/compiled/webpack/bundle5.js:28:314916)
    at __webpack_require_module__ (/home/jaeybean12/development/e-wallet/node_modules/next/dist/compiled/webpack/bundle5.js:28:131434)
    at __nested_webpack_require_161179__ (/home/jaeybean12/development/e-wallet/node_modules/next/dist/compiled/webpack/bundle5.js:28:130872)
    at /home/jaeybean12/development/e-wallet/node_modules/next/dist/compiled/webpack/bundle5.js:28:131723
    at symbolIterator (/home/jaeybean12/development/e-wallet/node_modules/next/dist/compiled/neo-async/async.js:1:14444)

Generated code for /home/jaeybean12/development/e-wallet/node_modules/next/dist/build/webpack/loaders/css-loader/src/index.js??ruleSet[1].rules[13].oneOf[10].use[2]!/home/jaeybean12/development/e-wallet/node_modules/next/dist/build/webpack/loaders/postcss-loader/src/index.js??ruleSet[1].rules[13].oneOf[10].use[3]!/home/jaeybean12/development/e-wallet/src/styles/tailwind.css

Import trace for requested module:
./src/styles/tailwind.css


> Build failed because of webpack errors
